../Src/LED_Driver.c:14:6:LED_Init	24	static
../Src/LED_Driver.c:37:6:TurnOffLED	24	static
../Src/LED_Driver.c:51:6:TurnOnLED	24	static
../Src/LED_Driver.c:66:6:ToggleLED	24	static
../Src/LED_Driver.c:82:6:LED_InitTimer2	32	static
../Src/LED_Driver.c:91:6:LED_InitTimer5	40	static
../Src/LED_Driver.c:101:6:LED_StartTimer2	8	static
../Src/LED_Driver.c:104:6:LED_StopTimer2	8	static
../Src/LED_Driver.c:107:6:LED_ResetTimer2	8	static
../Src/LED_Driver.c:111:6:LED_StartTimer5	8	static
../Src/LED_Driver.c:114:6:LED_StopTimer5	8	static
../Src/LED_Driver.c:117:6:LED_ResetTimer5	8	static
../Src/LED_Driver.c:120:10:LED_GetTimer5AutoReloadValue	8	static
../Src/LED_Driver.c:123:10:LED_GetTimer5CountValue	8	static
../Src/LED_Driver.c:126:6:LED_SetTimer5AutoReloadValue	16	static
../Src/LED_Driver.c:129:6:LED_StartTimer5WithStartValue	16	static
