23:33:22 **** Incremental Build of configuration Debug for project PHindesLab3 ****
make -j16 all 
arm-none-eabi-gcc "../Src/ApplicationCode.c" -mcpu=cortex-m4 -std=gnu11 -g3 -DDEBUG -DSTM32F429I_DISC1 -DSTM32 -DSTM32F429ZITx -DSTM32F4 -c -I../Inc -O0 -ffunction-sections -fdata-sections -Wall -fstack-usage -fcyclomatic-complexity -MMD -MP -MF"Src/ApplicationCode.d" -MT"Src/ApplicationCode.o" --specs=nano.specs -mfloat-abi=soft -mthumb -o "Src/ApplicationCode.o"
arm-none-eabi-gcc "../Src/main.c" -mcpu=cortex-m4 -std=gnu11 -g3 -DDEBUG -DSTM32F429I_DISC1 -DSTM32 -DSTM32F429ZITx -DSTM32F4 -c -I../Inc -O0 -ffunction-sections -fdata-sections -Wall -fstack-usage -fcyclomatic-complexity -MMD -MP -MF"Src/main.d" -MT"Src/main.o" --specs=nano.specs -mfloat-abi=soft -mthumb -o "Src/main.o"
arm-none-eabi-gcc -o "PHindesLab3.elf" @"objects.list"   -mcpu=cortex-m4 -T"C:\Users\user\STM32CubeIDE\workspace_1.16.0\PHindesLab3\STM32F429ZITX_FLASH.ld" --specs=nosys.specs -Wl,-Map="PHindesLab3.map" -Wl,--gc-sections -static --specs=nano.specs -mfloat-abi=soft -mthumb -Wl,--start-group -lc -lm -Wl,--end-group
Finished building target: PHindesLab3.elf
 
arm-none-eabi-size  PHindesLab3.elf 
arm-none-eabi-objdump -h -S PHindesLab3.elf  > "PHindesLab3.list"
   text	   data	    bss	    dec	    hex	filename
   2804	      0	   1576	   4380	   111c	PHindesLab3.elf
Finished building: default.size.stdout
 
Finished building: PHindesLab3.list
 
23:33:24 **** Incremental Build of configuration Debug for project PHindesLab3 ****
make -j16 all 
arm-none-eabi-size  PHindesLab3.elf 
   text	   data	    bss	    dec	    hex	filename
   2804	      0	   1576	   4380	   111c	PHindesLab3.elf
Finished building: default.size.stdout
 
