16:17:27 **** Incremental Build of configuration Debug for project PHindesLab4 ****
make -j16 all 
arm-none-eabi-gcc "../Src/Timer_Driver.c" -mcpu=cortex-m4 -std=gnu11 -g3 -DDEBUG -DSTM32F429I_DISC1 -DSTM32 -DSTM32F429ZITx -DSTM32F4 -c -I../Inc -O0 -ffunction-sections -fdata-sections -Wall -fstack-usage -fcyclomatic-complexity -MMD -MP -MF"Src/Timer_Driver.d" -MT"Src/Timer_Driver.o" --specs=nano.specs -mfloat-abi=soft -mthumb -o "Src/Timer_Driver.o"
arm-none-eabi-gcc -o "PHindesLab4.elf" @"objects.list"   -mcpu=cortex-m4 -T"C:\Users\user\STM32CubeIDE\workspace_1.16.0\PHindesLab4\STM32F429ZITX_FLASH.ld" --specs=nosys.specs -Wl,-Map="PHindesLab4.map" -Wl,--gc-sections -static --specs=nano.specs -mfloat-abi=soft -mthumb -Wl,--start-group -lc -lm -Wl,--end-group
Finished building target: PHindesLab4.elf
 
arm-none-eabi-size  PHindesLab4.elf 
arm-none-eabi-objdump -h -S PHindesLab4.elf  > "PHindesLab4.list"
   text	   data	    bss	    dec	    hex	filename
   2724	      0	   1576	   4300	   10cc	PHindesLab4.elf
Finished building: default.size.stdout
 
Finished building: PHindesLab4.list
 
